// Jest Snapshot v1, https://goo.gl/fbAQLP

exports[`Posts component renders UI correctly 1`] = `
<div
  className="Posts"
>
  <h2
    className="Forum-name"
  >
    test forum
  </h2>
  <ul
    className="Posts-list"
  >
    <li
      className="new-post"
    >
      <form
        className="new-post-form"
        onSubmit={[Function]}
      >
        <label
          htmlFor="new-post-content"
        >
          Post
        </label>
        <input
          className="new-post-content"
          onChange={[Function]}
          value=""
        />
        <button
          className="new-post-button"
          type="submit"
        >
          submit
        </button>
      </form>
    </li>
  </ul>
  <a
    className="back-to-forums-button"
    href="/forums"
    onClick={[Function]}
  >
    Forums
  </a>
</div>
`;
