// Jest Snapshot v1, https://goo.gl/fbAQLP

exports[`MainLanding component renders UI correctly 1`] = `
<div
  className="MainLanding"
>
  <h2
    className="MainLanding-title"
  >
    Welcome to THE forum for the Indie Gaming Community!
  </h2>
  <div
    className="MainLanding-login-button"
    onClick={[Function]}
  >
    Log in
  </div>
  <a
    className="MainLanding-register-button"
    href="/register"
    onClick={[Function]}
  >
    Register
  </a>
  <a
    className="MainLanding-anonymous-button"
    href="/forums"
    onClick={[Function]}
  >
    Go Anonymous
  </a>
</div>
`;
