// Jest Snapshot v1, https://goo.gl/fbAQLP

exports[`MainLanding component renders UI correctly 1`] = `
<div
  className="MainLanding"
>
  <h2
    className="MainLanding-title"
  >
    Welcome to THE forum for the Indie Gaming Community!
  </h2>
  <a
    className="MainLanding-login-button"
    href=""
    onClick={[Function]}
  >
    Log in
  </a>
  <a
    className="MainLanding-register-button"
    href=""
    onClick={[Function]}
  >
    Register
  </a>
  <a
    className="MainLanding-anonymous-button"
    href=""
    onClick={[Function]}
  >
    Go Anonymous
  </a>
</div>
`;
