// Jest Snapshot v1, https://goo.gl/fbAQLP

exports[`App component renders UI correctly 1`] = `
<div
  className="App"
>
  <div
    className="Header"
  >
    <a
      className="Header-title"
      href="/"
      onClick={[Function]}
    >
      Indie Corner
    </a>
  </div>
  <div
    className="MainLanding"
  >
    <h2
      className="MainLanding-title"
    >
      Welcome to THE forum for the Indie Gaming Community!
    </h2>
    <div
      className="MainLanding-login-button"
      onClick={[Function]}
    >
      Log in
    </div>
    <div
      className="MainLanding-register-button"
      onClick={[Function]}
    >
      Register
    </div>
    <a
      className="MainLanding-anonymous-button"
      href="/forums"
      onClick={[Function]}
    >
      Go Anonymous
    </a>
  </div>
</div>
`;
