// Jest Snapshot v1, https://goo.gl/fbAQLP

exports[`Forums component renders UI correctly 1`] = `
<div
  className="Forums"
>
  <ul
    className="Forums-list"
  >
    <li
      className="forum"
      onClick={[Function]}
    >
      <button
        className="delete-forum"
        onClick={[Function]}
      >
        X
      </button>
      <h3>
        One
      </h3>
      <p>
        The first of many...
      </p>
    </li>
    <li
      className="forum"
      onClick={[Function]}
    >
      <button
        className="delete-forum"
        onClick={[Function]}
      >
        X
      </button>
      <h3>
        two
      </h3>
      <p>
        The second of many...
      </p>
    </li>
    <li
      className="forum"
      onClick={[Function]}
    >
      <button
        className="delete-forum"
        onClick={[Function]}
      >
        X
      </button>
      <h3>
        three
      </h3>
      <p>
        The third of many...
      </p>
    </li>
    <li
      className="forum"
      onClick={[Function]}
    >
      <button
        className="delete-forum"
        onClick={[Function]}
      >
        X
      </button>
      <h3>
        four
      </h3>
      <p>
        The fourth of many...
      </p>
    </li>
    <li
      className="forum"
      onClick={[Function]}
    >
      <button
        className="delete-forum"
        onClick={[Function]}
      >
        X
      </button>
      <h3>
        five
      </h3>
      <p>
        The fifth of many...
      </p>
    </li>
    <li
      className="forum"
      onClick={[Function]}
    >
      <button
        className="delete-forum"
        onClick={[Function]}
      >
        X
      </button>
      <h3>
        One
      </h3>
      <p>
        The first of many...
      </p>
    </li>
    <li
      className="forum"
      onClick={[Function]}
    >
      <button
        className="delete-forum"
        onClick={[Function]}
      >
        X
      </button>
      <h3>
        two
      </h3>
      <p>
        The second of many...
      </p>
    </li>
    <li
      className="forum"
      onClick={[Function]}
    >
      <button
        className="delete-forum"
        onClick={[Function]}
      >
        X
      </button>
      <h3>
        three
      </h3>
      <p>
        The third of many...
      </p>
    </li>
    <li
      className="forum"
      onClick={[Function]}
    >
      <button
        className="delete-forum"
        onClick={[Function]}
      >
        X
      </button>
      <h3>
        four
      </h3>
      <p>
        The fourth of many...
      </p>
    </li>
    <li
      className="new-forum"
    >
      <form
        className="new-forum-form"
        onSubmit={[Function]}
      >
        <label
          htmlFor="new-forum-title"
        >
          Title
        </label>
        <input
          className="new-forum-title"
          onChange={[Function]}
          value=""
        />
        <label
          htmlFor="new-forum-blurb"
        >
          Description
        </label>
        <input
          className="new-forum-blurb"
          onChange={[Function]}
          value=""
        />
        <button
          className="new-forum-button"
          type="submit"
        >
          submit
        </button>
      </form>
    </li>
  </ul>
</div>
`;
